127.0.0.1 - - [15/Feb/2026 07:10:30] "GET / HTTP/1.1" 200 -
127.0.0.1 - - [15/Feb/2026 07:10:31] "GET /get_models HTTP/1.1" 200 -
127.0.0.1 - - [15/Feb/2026 07:10:31] "GET /get_languages HTTP/1.1" 200 -
127.0.0.1 - - [15/Feb/2026 07:10:31] "GET /system_info HTTP/1.1" 200 -
127.0.0.1 - - [15/Feb/2026 07:10:31] "GET /get_translation_languages HTTP/1.1" 200 -
127.0.0.1 - - [15/Feb/2026 07:10:31] "GET /model_status HTTP/1.1" 200 -
127.0.0.1 - - [15/Feb/2026 07:10:31] "GET /projects HTTP/1.1" 200 -
127.0.0.1 - - [15/Feb/2026 07:10:31] "GET /get_translation_languages HTTP/1.1" 200 -
127.0.0.1 - - [15/Feb/2026 07:10:31] "POST /set_segmentation HTTP/1.1" 200 -
127.0.0.1 - - [15/Feb/2026 07:10:31] "GET /get_translation_capabilities HTTP/1.1" 200 -
⚠ ATENȚIE: FFmpeg nu este instalat sau nu este în PATH!
ℹ CUDA nu este disponibil, se va folosi CPU
✓ Upload maxim: 50.0 GB
✓ Dimensiune chunk: 10.0 MB
✓ Timeout procesare: 7200 secunde

⏳ Se încarcă modelul implicit 'small'...
Se încarcă modelul Whisper: small...
Folosind device: cpu
✓ Model small încărcat în 12.5 secunde pe cpu
✓ Modelul implicit 'small' încărcat în 12.5 secunde

======================================================================
🎬 Aplicația de Transcriere Audio/Video cu Upload Segmentat
======================================================================

📊 Modele disponibile: tiny, base, small, medium, large, large-v3
🌍 Limbi suportate: 30 limbi
📁 Fișiere mari: Suport până la 50.0 GB
🔀 Upload segmentat: Chunks de 10.0 MB
🌐 Port: 5000

👉 Accesează http://localhost:5000 în browser
======================================================================

 * Serving Flask app 'app'
 * Debug mode: on
[31m[1mWARNING: This is a development server. Do not use it in a production deployment. Use a production WSGI server instead.[0m
 * Running on all addresses (0.0.0.0)
 * Running on http://127.0.0.1:5000
 * Running on http://192.168.0.2:5000
[33mPress CTRL+C to quit[0m
 * Restarting with stat
 * Debugger is active!
 * Debugger PIN: 410-907-091
 * Detected change in '/app/app.py', reloading
⚠ ATENȚIE: FFmpeg nu este instalat sau nu este în PATH!
ℹ CUDA nu este disponibil, se va folosi CPU
✓ Upload maxim: 50.0 GB
✓ Dimensiune chunk: 10.0 MB
✓ Timeout procesare: 7200 secunde

⏳ Se încarcă modelul implicit 'small'...
Se încarcă modelul Whisper: small...
Folosind device: cpu
✓ Model small încărcat în 4.7 secunde pe cpu
✓ Modelul implicit 'small' încărcat în 4.7 secunde

======================================================================
🎬 Aplicația de Transcriere Audio/Video cu Upload Segmentat
======================================================================

📊 Modele disponibile: tiny, base, small, medium, large, large-v3
🌍 Limbi suportate: 30 limbi
📁 Fișiere mari: Suport până la 50.0 GB
🔀 Upload segmentat: Chunks de 10.0 MB
🌐 Port: 5000

👉 Accesează http://localhost:5000 în browser
======================================================================

 * Restarting with stat
 * Debugger is active!
 * Debugger PIN: 410-907-091
 * Detected change in '/app/app.py', reloading
⚠ ATENȚIE: FFmpeg nu este instalat sau nu este în PATH!
ℹ CUDA nu este disponibil, se va folosi CPU
✓ Upload maxim: 50.0 GB
✓ Dimensiune chunk: 10.0 MB
✓ Timeout procesare: 7200 secunde

⏳ Se încarcă modelul implicit 'small'...
Se încarcă modelul Whisper: small...
Folosind device: cpu
✓ Model small încărcat în 18.1 secunde pe cpu
✓ Modelul implicit 'small' încărcat în 18.1 secunde

======================================================================
🎬 Aplicația de Transcriere Audio/Video cu Upload Segmentat
======================================================================

📊 Modele disponibile: tiny, base, small, medium, large, large-v3
🌍 Limbi suportate: 30 limbi
📁 Fișiere mari: Suport până la 50.0 GB
🔀 Upload segmentat: Chunks de 10.0 MB
🌐 Port: 5000

👉 Accesează http://localhost:5000 în browser
======================================================================

 * Restarting with stat
 * Debugger is active!
 * Debugger PIN: 410-907-091
 * Detected change in '/app/app.py', reloading
⚠ ATENȚIE: FFmpeg nu este instalat sau nu este în PATH!
ℹ CUDA nu este disponibil, se va folosi CPU
✓ Upload maxim: 50.0 GB
✓ Dimensiune chunk: 10.0 MB
✓ Timeout procesare: 7200 secunde

⏳ Se încarcă modelul implicit 'small'...
Se încarcă modelul Whisper: small...
Folosind device: cpu
✓ Model small încărcat în 4.8 secunde pe cpu
✓ Modelul implicit 'small' încărcat în 4.8 secunde

======================================================================
🎬 Aplicația de Transcriere Audio/Video cu Upload Segmentat
======================================================================

📊 Modele disponibile: tiny, base, small, medium, large, large-v3
🌍 Limbi suportate: 30 limbi
📁 Fișiere mari: Suport până la 50.0 GB
🔀 Upload segmentat: Chunks de 10.0 MB
🌐 Port: 5000

👉 Accesează http://localhost:5000 în browser
======================================================================

 * Restarting with stat
 * Debugger is active!
 * Debugger PIN: 410-907-091
 * Detected change in '/app/app.py', reloading
⚠ ATENȚIE: FFmpeg nu este instalat sau nu este în PATH!
ℹ CUDA nu este disponibil, se va folosi CPU
✓ Upload maxim: 50.0 GB
✓ Dimensiune chunk: 10.0 MB
✓ Timeout procesare: 7200 secunde

⏳ Se încarcă modelul implicit 'small'...
Se încarcă modelul Whisper: small...
Folosind device: cpu
✓ Model small încărcat în 4.6 secunde pe cpu
✓ Modelul implicit 'small' încărcat în 4.6 secunde

======================================================================
🎬 Aplicația de Transcriere Audio/Video cu Upload Segmentat
======================================================================

📊 Modele disponibile: tiny, base, small, medium, large, large-v3
🌍 Limbi suportate: 30 limbi
📁 Fișiere mari: Suport până la 50.0 GB
🔀 Upload segmentat: Chunks de 10.0 MB
🌐 Port: 5000

👉 Accesează http://localhost:5000 în browser
======================================================================

 * Restarting with stat
 * Debugger is active!
 * Debugger PIN: 410-907-091
 * Detected change in '/app/app.py', reloading
⚠ ATENȚIE: FFmpeg nu este instalat sau nu este în PATH!
ℹ CUDA nu este disponibil, se va folosi CPU
✓ Upload maxim: 50.0 GB
✓ Dimensiune chunk: 10.0 MB
✓ Timeout procesare: 7200 secunde

⏳ Se încarcă modelul implicit 'small'...
Se încarcă modelul Whisper: small...
Folosind device: cpu
✓ Model small încărcat în 4.8 secunde pe cpu
✓ Modelul implicit 'small' încărcat în 4.8 secunde

======================================================================
🎬 Aplicația de Transcriere Audio/Video cu Upload Segmentat
======================================================================

📊 Modele disponibile: tiny, base, small, medium, large, large-v3
🌍 Limbi suportate: 30 limbi
📁 Fișiere mari: Suport până la 50.0 GB
🔀 Upload segmentat: Chunks de 10.0 MB
🌐 Port: 5000

👉 Accesează http://localhost:5000 în browser
======================================================================

 * Restarting with stat
 * Debugger is active!
 * Debugger PIN: 410-907-091
 * Detected change in '/app/app.py', reloading
⚠ ATENȚIE: FFmpeg nu este instalat sau nu este în PATH!
ℹ CUDA nu este disponibil, se va folosi CPU
✓ Upload maxim: 50.0 GB
✓ Dimensiune chunk: 10.0 MB
✓ Timeout procesare: 7200 secunde

⏳ Se încarcă modelul implicit 'small'...
Se încarcă modelul Whisper: small...
Folosind device: cpu
✓ Model small încărcat în 4.7 secunde pe cpu
✓ Modelul implicit 'small' încărcat în 4.7 secunde

======================================================================
🎬 Aplicația de Transcriere Audio/Video cu Upload Segmentat
======================================================================

📊 Modele disponibile: tiny, base, small, medium, large, large-v3
🌍 Limbi suportate: 30 limbi
📁 Fișiere mari: Suport până la 50.0 GB
🔀 Upload segmentat: Chunks de 10.0 MB
🌐 Port: 5000

👉 Accesează http://localhost:5000 în browser
======================================================================

 * Restarting with stat
 * Debugger is active!
 * Debugger PIN: 410-907-091
 * Detected change in '/app/app.py', reloading
⚠ ATENȚIE: FFmpeg nu este instalat sau nu este în PATH!
ℹ CUDA nu este disponibil, se va folosi CPU
✓ Upload maxim: 50.0 GB
✓ Dimensiune chunk: 10.0 MB
✓ Timeout procesare: 7200 secunde

⏳ Se încarcă modelul implicit 'small'...
Se încarcă modelul Whisper: small...
Folosind device: cpu
✓ Model small încărcat în 4.7 secunde pe cpu
✓ Modelul implicit 'small' încărcat în 4.7 secunde

======================================================================
🎬 Aplicația de Transcriere Audio/Video cu Upload Segmentat
======================================================================

📊 Modele disponibile: tiny, base, small, medium, large, large-v3
🌍 Limbi suportate: 30 limbi
📁 Fișiere mari: Suport până la 50.0 GB
🔀 Upload segmentat: Chunks de 10.0 MB
🌐 Port: 5000

👉 Accesează http://localhost:5000 în browser
======================================================================

 * Restarting with stat
 * Debugger is active!
 * Debugger PIN: 410-907-091
127.0.0.1 - - [15/Feb/2026 12:47:05] "HEAD / HTTP/1.1" 200 -
127.0.0.1 - - [15/Feb/2026 12:48:20] "GET / HTTP/1.1" 200 -
