⚠ ATENȚIE: FFmpeg nu este instalat sau nu este în PATH!
ℹ CUDA nu este disponibil, se va folosi CPU
✓ Upload maxim: 50.0 GB
✓ Dimensiune chunk: 10.0 MB
✓ Timeout procesare: 7200 secunde

⏳ Se încarcă modelul implicit 'small'...
Se încarcă modelul Whisper: small...
Folosind device: cpu
✓ Model small încărcat în 18.8 secunde pe cpu
✓ Modelul implicit 'small' încărcat în 18.8 secunde

======================================================================
🎬 Aplicația de Transcriere Audio/Video cu Upload Segmentat
======================================================================

📊 Modele disponibile: tiny, base, small, medium, large, large-v3
🌍 Limbi suportate: 30 limbi
📁 Fișiere mari: Suport până la 50.0 GB
🔀 Upload segmentat: Chunks de 10.0 MB
🌐 Port: 5000

👉 Accesează http://localhost:5000 în browser
======================================================================

 * Serving Flask app 'app'
 * Debug mode: on
Address already in use
Port 5000 is in use by another program. Either identify and stop that program, or start the server with a different port.
